7-use-after-free/100-FAIL-lvalue-use-after-free.x:11:8:func: undefined indirection: *(p) is not an lvalue
