7-use-after-free/101-FAIL-rvalue-use-after-free.x:12:8:func: cannot exec statement: undefined indirection: *(p+0) has no value
