7-use-after-free/112-FAIL-freed-ptr-dangling-false-claim.x:21:8:main: undefined indirection: *(i+0) has no value
