7-use-after-free/200-FAIL-stack-frame-pop-dangling-return.x:19:8:main: undefined indirection: *(p+0) has no value
