7-use-after-free/300-FAIL-struct-free-ptr-dangling.x:45:18:create_report: cannot exec statement: parameter s of puts must be lvalue
