8-uninitialised-memory/001-FAIL-uninitialised-memory-rval.x:7:8:undefined_memory1: cannot exec statement: undefined memory access: p has no value
