8-uninitialised-memory/002-FAIL-uninitialised-memory-rval.x:9:8:undefined_memory2: undefined indirection: *(q+0) has no value
