8-uninitialised-memory/003-FAIL-uninitialised-memory-rval.x:10:8:undefined_memory3: cannot exec statement: undefined indirection: *(p+0) has no value
