8-uninitialised-memory/004-FAIL-uninitialised-memory-rval.x:12:9:main: undefined memory access: `i' has no value
