6-preconditions/100-FAIL-need-alloced-lval.x:15:10:main: `func' precondition failure
	parameter `x' of `func' must be heap allocated
