6-preconditions/101-FAIL-need-alloced-rval.x:21:13:main: `func' precondition failure
	parameter `x' of `func' must be rvalue
