6-preconditions/102-FAIL-need-clump-lval-freed-ptr.x:16:9:main: cannot exec statement: parameter x of func must be lvalue
