6-preconditions/103-FAIL-need-clump-lval-assigned-ptr.x:16:9:main: `func' precondition failure
	parameter `x' of `func' must be lvalue
