0-basic/130-FAIL-double-free.x:10:9:unit: 
	stdlib.h:10:31:free: double free
