0-basic/140-FAIL-sync-free.x:6:9:unit: cannot exec statement: undefined free of value not pointing at heap
