0-basic/170-FAIL-double-free.x:11:9:unit: 
	stdlib.h:10:31:free: double free
