cannot exec statement: qed error: actual and alleged states differ
